core_cm4.h:1037:22:NVIC_SetPriorityGrouping	24	static
main.c:209:5:main	16	static
main.c:253:13:Traffic_Flow_Adjustment_Task	24	static
main.c:271:13:Traffic_Generator_Task	24	static
main.c:293:13:Traffic_Light_State_Task	40	static
main.c:311:13:green_timer_handle	40	static
main.c:327:13:amber_timer_handle	40	static
main.c:360:13:red_timer_handle	40	static
main.c:397:13:System_Display_Task	120	static
main.c:457:6:vApplicationMallocFailedHook	4	static
main.c:471:6:vApplicationStackOverflowHook	16	static
main.c:485:6:vApplicationIdleHook	16	static
main.c:507:13:prvSetupHardware	40	static
main.c:546:12:get_ADC_val	8	static
main.c:557:13:clear_lane	16	static
main.c:564:13:red_control	16	static
main.c:573:13:amber_control	16	static
main.c:582:13:green_control	16	static
main.c:591:13:shift_reg	24	static
